Release 14.7 - xst P.20131013 (nt64)
Copyright (c) 1995-2013 Xilinx, Inc.  All rights reserved.
--> Parameter TMPDIR set to xst/projnav.tmp


Total REAL time to Xst completion: 0.00 secs
Total CPU time to Xst completion: 0.10 secs
 
--> Parameter xsthdpdir set to xst


Total REAL time to Xst completion: 0.00 secs
Total CPU time to Xst completion: 0.11 secs
 
--> Reading design: core_top.prj

TABLE OF CONTENTS
  1) Synthesis Options Summary
  2) HDL Parsing
  3) HDL Elaboration
  4) HDL Synthesis
       4.1) HDL Synthesis Report
  5) Advanced HDL Synthesis
       5.1) Advanced HDL Synthesis Report
  6) Low Level Synthesis
  7) Partition Report
  8) Design Summary
       8.1) Primitive and Black Box Usage
       8.2) Device utilization summary
       8.3) Partition Resource Summary
       8.4) Timing Report
            8.4.1) Clock Information
            8.4.2) Asynchronous Control Signals Information
            8.4.3) Timing Summary
            8.4.4) Timing Details
            8.4.5) Cross Clock Domains Report


=========================================================================
*                      Synthesis Options Summary                        *
=========================================================================
---- Source Parameters
Input File Name                    : "core_top.prj"
Ignore Synthesis Constraint File   : NO

---- Target Parameters
Output File Name                   : "core_top"
Output Format                      : NGC
Target Device                      : xc6slx16-3-csg324

---- Source Options
Top Module Name                    : core_top
Automatic FSM Extraction           : YES
FSM Encoding Algorithm             : Auto
Safe Implementation                : No
FSM Style                          : LUT
RAM Extraction                     : Yes
RAM Style                          : Auto
ROM Extraction                     : Yes
Shift Register Extraction          : YES
ROM Style                          : Auto
Resource Sharing                   : YES
Asynchronous To Synchronous        : NO
Shift Register Minimum Size        : 2
Use DSP Block                      : Auto
Automatic Register Balancing       : No

---- Target Options
LUT Combining                      : Auto
Reduce Control Sets                : Auto
Add IO Buffers                     : YES
Global Maximum Fanout              : 100000
Add Generic Clock Buffer(BUFG)     : 16
Register Duplication               : YES
Optimize Instantiated Primitives   : NO
Use Clock Enable                   : Auto
Use Synchronous Set                : Auto
Use Synchronous Reset              : Auto
Pack IO Registers into IOBs        : Auto
Equivalent register Removal        : YES

---- General Options
Optimization Goal                  : Speed
Optimization Effort                : 1
Power Reduction                    : NO
Keep Hierarchy                     : No
Netlist Hierarchy                  : As_Optimized
RTL Output                         : Yes
Global Optimization                : AllClockNets
Read Cores                         : YES
Write Timing Constraints           : NO
Cross Clock Analysis               : NO
Hierarchy Separator                : /
Bus Delimiter                      : <>
Case Specifier                     : Maintain
Slice Utilization Ratio            : 100
BRAM Utilization Ratio             : 100
DSP48 Utilization Ratio            : 100
Auto BRAM Packing                  : NO
Slice Utilization Ratio Delta      : 5

---- Other Options
Cores Search Directories           : {"ipcore_dir"  }

=========================================================================


=========================================================================
*                          HDL Parsing                                  *
=========================================================================
Analyzing Verilog file "C:\Users\Nickj\Desktop\NickFall2017\ECE_3710\GROUP_FPGA_PROJECT\ECE-3710\IR_repositioning\VGA_SIGNAL_GENERATOR.v" into library work
Parsing module <VGA_SIGNAL_GENERATOR>.
Analyzing Verilog file "C:\Users\Nickj\Desktop\NickFall2017\ECE_3710\GROUP_FPGA_PROJECT\ECE-3710\IR_repositioning\VGA_PIXEL_GENERATOR.v" into library work
Parsing module <VGA_PIXEL_GENERATOR>.
Analyzing Verilog file "C:\Users\Nickj\Desktop\NickFall2017\ECE_3710\GROUP_FPGA_PROJECT\ECE-3710\IR_repositioning\reg_manager.v" into library work
Parsing module <reg_manager>.
Analyzing Verilog file "C:\Users\Nickj\Desktop\NickFall2017\ECE_3710\GROUP_FPGA_PROJECT\ECE-3710\IR_repositioning\ipcore_dir\block_mem.v" into library work
Parsing module <block_mem>.
Analyzing Verilog file "C:\Users\Nickj\Desktop\NickFall2017\ECE_3710\GROUP_FPGA_PROJECT\ECE-3710\IR_repositioning\VGA_GLPYH_TOP.v" into library work
Parsing module <VGA_GLPYH_TOP>.
Analyzing Verilog file "C:\Users\Nickj\Desktop\NickFall2017\ECE_3710\GROUP_FPGA_PROJECT\ECE-3710\IR_repositioning\memory_manager.v" into library work
Parsing module <memory_manager>.
Analyzing Verilog file "C:\Users\Nickj\Desktop\NickFall2017\ECE_3710\GROUP_FPGA_PROJECT\ECE-3710\IR_repositioning\core.v" into library work
Parsing module <core>.
Analyzing Verilog file "C:\Users\Nickj\Desktop\NickFall2017\ECE_3710\GROUP_FPGA_PROJECT\ECE-3710\IR_repositioning\core_top.v" into library work
Parsing module <core_top>.

=========================================================================
*                            HDL Elaboration                            *
=========================================================================

Elaborating module <core_top>.

Elaborating module <core>.

Elaborating module <reg_manager>.

Elaborating module <memory_manager>.

Elaborating module <block_mem>.

Elaborating module <VGA_GLPYH_TOP>.

Elaborating module <VGA_PIXEL_GENERATOR>.

Elaborating module <VGA_SIGNAL_GENERATOR>.

=========================================================================
*                           HDL Synthesis                               *
=========================================================================

Synthesizing Unit <core_top>.
    Related source file is "C:\Users\Nickj\Desktop\NickFall2017\ECE_3710\GROUP_FPGA_PROJECT\ECE-3710\IR_repositioning\core_top.v".
    Summary:
	no macro.
Unit <core_top> synthesized.

Synthesizing Unit <core>.
    Related source file is "C:\Users\Nickj\Desktop\NickFall2017\ECE_3710\GROUP_FPGA_PROJECT\ECE-3710\IR_repositioning\core.v".
    Found 1-bit register for signal <current_instruction<23>>.
    Found 1-bit register for signal <current_instruction<22>>.
    Found 1-bit register for signal <current_instruction<21>>.
    Found 1-bit register for signal <current_instruction<20>>.
    Found 1-bit register for signal <current_instruction<19>>.
    Found 1-bit register for signal <current_instruction<18>>.
    Found 1-bit register for signal <current_instruction<17>>.
    Found 1-bit register for signal <current_instruction<16>>.
    Found 1-bit register for signal <current_instruction<15>>.
    Found 1-bit register for signal <current_instruction<14>>.
    Found 1-bit register for signal <current_instruction<13>>.
    Found 1-bit register for signal <current_instruction<12>>.
    Found 1-bit register for signal <current_instruction<11>>.
    Found 1-bit register for signal <current_instruction<10>>.
    Found 1-bit register for signal <current_instruction<9>>.
    Found 1-bit register for signal <current_instruction<8>>.
    Found 1-bit register for signal <current_instruction<7>>.
    Found 1-bit register for signal <current_instruction<6>>.
    Found 1-bit register for signal <current_instruction<5>>.
    Found 1-bit register for signal <current_instruction<4>>.
    Found 1-bit register for signal <current_instruction<3>>.
    Found 1-bit register for signal <current_instruction<2>>.
    Found 1-bit register for signal <current_instruction<1>>.
    Found 1-bit register for signal <current_instruction<0>>.
    Found 24-bit register for signal <pc>.
    Found 6-bit register for signal <current_op_code>.
    Found 5-bit register for signal <reg_ndx_1>.
    Found 5-bit register for signal <reg_ndx_2>.
    Found 3-bit register for signal <state>.
    Found finite state machine <FSM_0> for signal <state>.
    -----------------------------------------------------------------------
    | States             | 8                                              |
    | Transitions        | 13                                             |
    | Inputs             | 5                                              |
    | Outputs            | 5                                              |
    | Clock              | clk (rising_edge)                              |
    | Power Up State     | 000                                            |
    | Encoding           | auto                                           |
    | Implementation     | LUT                                            |
    -----------------------------------------------------------------------
    Found 16-bit subtractor for signal <reg_right_data[15]_reg_left_data[15]_sub_39_OUT> created at line 223.
    Found 24-bit adder for signal <pc[23]_GND_2_o_add_2_OUT> created at line 84.
    Found 24-bit adder for signal <n0108> created at line 132.
    Found 16-bit adder for signal <reg_right_data[15]_reg_left_data[15]_add_36_OUT> created at line 217.
    Summary:
	inferred   2 Adder/Subtractor(s).
	inferred  64 D-type flip-flop(s).
	inferred  36 Multiplexer(s).
	inferred   1 Finite State Machine(s).
Unit <core> synthesized.

Synthesizing Unit <reg_manager>.
    Related source file is "C:\Users\Nickj\Desktop\NickFall2017\ECE_3710\GROUP_FPGA_PROJECT\ECE-3710\IR_repositioning\reg_manager.v".
    Found 16-bit register for signal <r30>.
    Found 16-bit register for signal <r29>.
    Found 16-bit register for signal <r28>.
    Found 16-bit register for signal <r27>.
    Found 16-bit register for signal <r26>.
    Found 16-bit register for signal <r25>.
    Found 16-bit register for signal <r24>.
    Found 16-bit register for signal <r23>.
    Found 16-bit register for signal <r22>.
    Found 16-bit register for signal <r21>.
    Found 16-bit register for signal <r20>.
    Found 16-bit register for signal <r19>.
    Found 16-bit register for signal <r18>.
    Found 16-bit register for signal <r17>.
    Found 16-bit register for signal <r16>.
    Found 16-bit register for signal <r15>.
    Found 16-bit register for signal <r14>.
    Found 16-bit register for signal <r13>.
    Found 16-bit register for signal <r12>.
    Found 16-bit register for signal <r11>.
    Found 16-bit register for signal <r10>.
    Found 16-bit register for signal <r9>.
    Found 16-bit register for signal <r8>.
    Found 16-bit register for signal <r7>.
    Found 16-bit register for signal <r6>.
    Found 16-bit register for signal <r5>.
    Found 16-bit register for signal <r4>.
    Found 16-bit register for signal <r3>.
    Found 16-bit register for signal <r2>.
    Found 16-bit register for signal <r1>.
    Found 16-bit register for signal <r0>.
    Found 16-bit register for signal <r31>.
    Found 16-bit 32-to-1 multiplexer for signal <read_reg_data1> created at line 74.
    Found 16-bit 32-to-1 multiplexer for signal <read_reg_data2> created at line 114.
    Summary:
	inferred 512 D-type flip-flop(s).
	inferred   2 Multiplexer(s).
Unit <reg_manager> synthesized.

Synthesizing Unit <memory_manager>.
    Related source file is "C:\Users\Nickj\Desktop\NickFall2017\ECE_3710\GROUP_FPGA_PROJECT\ECE-3710\IR_repositioning\memory_manager.v".
WARNING:Xst:647 - Input <addr_in_block1<23:16>> is never used. This port will be preserved and left unconnected if it belongs to a top-level block or it belongs to a sub-block and the hierarchy of this sub-block is preserved.
WARNING:Xst:647 - Input <addr_in_block2<23:16>> is never used. This port will be preserved and left unconnected if it belongs to a top-level block or it belongs to a sub-block and the hierarchy of this sub-block is preserved.
    Found 16-bit register for signal <data_out2>.
    Found 16-bit register for signal <data_out1>.
    Summary:
	inferred  32 D-type flip-flop(s).
	inferred   1 Multiplexer(s).
Unit <memory_manager> synthesized.

Synthesizing Unit <VGA_GLPYH_TOP>.
    Related source file is "C:\Users\Nickj\Desktop\NickFall2017\ECE_3710\GROUP_FPGA_PROJECT\ECE-3710\IR_repositioning\VGA_GLPYH_TOP.v".
    Summary:
	no macro.
Unit <VGA_GLPYH_TOP> synthesized.

Synthesizing Unit <VGA_PIXEL_GENERATOR>.
    Related source file is "C:\Users\Nickj\Desktop\NickFall2017\ECE_3710\GROUP_FPGA_PROJECT\ECE-3710\IR_repositioning\VGA_PIXEL_GENERATOR.v".
        BLACK = 8'b00000000
        WHITE = 8'b11111111
        RED = 8'b11111100
        BLUE = 8'b11111111
    Found 10-bit register for signal <trow>.
    Found 2-bit register for signal <state>.
    Found 31-bit register for signal <seed>.
    Found 8-bit register for signal <tempColor>.
    Found 8-bit register for signal <color>.
    Found 10-bit register for signal <tcol>.
    Found 10-bit subtractor for signal <col[9]_GND_7_o_sub_22_OUT> created at line 86.
    Found 10-bit subtractor for signal <row[9]_GND_7_o_sub_23_OUT> created at line 87.
    Found 2-bit adder for signal <state[1]_GND_7_o_add_1_OUT> created at line 60.
    Found 4-bit adder for signal <GND_7_o_PWR_8_o_add_12_OUT> created at line 78.
    Found 14-bit adder for signal <trow[9]_GND_7_o_add_32_OUT> created at line 102.
    Found 14-bit adder for signal <n0093> created at line 106.
    Found 14-bit adder for signal <PWR_8_o_GND_7_o_add_35_OUT> created at line 106.
    Found 1-bit 8-to-1 multiplexer for signal <tcol[2]_DOUTA[7]_Mux_10_o> created at line 78.
    Found 1-bit 16-to-1 multiplexer for signal <GND_7_o_DOUTA[15]_Mux_13_o> created at line 78.
    Found 14-bit 4-to-1 multiplexer for signal <ADDRA> created at line 122.
    Summary:
	inferred   6 Adder/Subtractor(s).
	inferred  69 D-type flip-flop(s).
	inferred   9 Multiplexer(s).
Unit <VGA_PIXEL_GENERATOR> synthesized.

Synthesizing Unit <VGA_SIGNAL_GENERATOR>.
    Related source file is "C:\Users\Nickj\Desktop\NickFall2017\ECE_3710\GROUP_FPGA_PROJECT\ECE-3710\IR_repositioning\VGA_SIGNAL_GENERATOR.v".
        frameWidth = 799
        frameHeight = 524
        hfp = 16
        hbp = 48
        hsyncR = 96
        vfp = 10
        vbp = 33
        vsyncR = 2
    Found 10-bit register for signal <hCnt>.
    Found 10-bit register for signal <vCnt>.
    Found 1-bit register for signal <en>.
    Found 1-bit register for signal <hsync>.
    Found 1-bit register for signal <vsync>.
    Found 10-bit register for signal <col>.
    Found 10-bit register for signal <row>.
    Found 1-bit register for signal <req>.
    Found 2-bit register for signal <pCnt>.
    Found 10-bit adder for signal <nHCnt> created at line 57.
    Found 10-bit adder for signal <nVCnt> created at line 60.
    Found 2-bit adder for signal <pCnt[1]_GND_8_o_add_6_OUT> created at line 71.
    Found 10-bit comparator greater for signal <nHsync> created at line 63
    Found 10-bit comparator greater for signal <nVsync> created at line 66
    Found 10-bit comparator lessequal for signal <hCnt[9]_PWR_10_o_LessThan_8_o> created at line 72
    Found 10-bit comparator lessequal for signal <vCnt[9]_PWR_10_o_LessThan_13_o> created at line 73
    Found 10-bit comparator greater for signal <GND_8_o_col[9]_LessThan_18_o> created at line 76
    Found 10-bit comparator greater for signal <col[9]_PWR_10_o_LessThan_19_o> created at line 76
    Found 10-bit comparator greater for signal <GND_8_o_row[9]_LessThan_20_o> created at line 76
    Found 10-bit comparator greater for signal <row[9]_PWR_10_o_LessThan_21_o> created at line 76
    Summary:
	inferred   3 Adder/Subtractor(s).
	inferred  46 D-type flip-flop(s).
	inferred   8 Comparator(s).
Unit <VGA_SIGNAL_GENERATOR> synthesized.

=========================================================================
HDL Synthesis Report

Macro Statistics
# Adders/Subtractors                                   : 11
 10-bit adder                                          : 2
 10-bit subtractor                                     : 2
 14-bit adder                                          : 2
 16-bit addsub                                         : 1
 2-bit adder                                           : 2
 24-bit adder                                          : 1
 4-bit adder                                           : 1
# Registers                                            : 77
 1-bit register                                        : 28
 10-bit register                                       : 6
 16-bit register                                       : 34
 2-bit register                                        : 2
 24-bit register                                       : 1
 31-bit register                                       : 1
 5-bit register                                        : 2
 6-bit register                                        : 1
 8-bit register                                        : 2
# Comparators                                          : 8
 10-bit comparator greater                             : 6
 10-bit comparator lessequal                           : 2
# Multiplexers                                         : 48
 1-bit 16-to-1 multiplexer                             : 1
 1-bit 2-to-1 multiplexer                              : 20
 1-bit 8-to-1 multiplexer                              : 1
 14-bit 2-to-1 multiplexer                             : 6
 16-bit 2-to-1 multiplexer                             : 10
 16-bit 32-to-1 multiplexer                            : 2
 24-bit 2-to-1 multiplexer                             : 5
 5-bit 2-to-1 multiplexer                              : 2
 8-bit 2-to-1 multiplexer                              : 1
# FSMs                                                 : 1
# Xors                                                 : 3
 1-bit xor2                                            : 3

=========================================================================
INFO:Xst:1767 - HDL ADVISOR - Resource sharing has identified that some arithmetic operations in this design can share the same physical resources for reduced device utilization. For improved clock frequency you may try to disable resource sharing.

=========================================================================
*                       Advanced HDL Synthesis                          *
=========================================================================

Reading core <ipcore_dir/block_mem.ngc>.
Loading core <block_mem> for timing and area information for instance <b_mem>.
INFO:Xst:2261 - The FF/Latch <current_op_code_3> in Unit <core1> is equivalent to the following FF/Latch, which will be removed : <reg_ndx_1_0> 
INFO:Xst:2261 - The FF/Latch <current_op_code_4> in Unit <core1> is equivalent to the following FF/Latch, which will be removed : <reg_ndx_1_1> 
INFO:Xst:2261 - The FF/Latch <current_op_code_5> in Unit <core1> is equivalent to the following FF/Latch, which will be removed : <reg_ndx_1_2> 
INFO:Xst:2261 - The FF/Latch <current_instruction_16> in Unit <core1> is equivalent to the following FF/Latch, which will be removed : <reg_ndx_1_3> 
INFO:Xst:2261 - The FF/Latch <current_instruction_17> in Unit <core1> is equivalent to the following FF/Latch, which will be removed : <reg_ndx_1_4> 

Synthesizing (advanced) Unit <VGA_PIXEL_GENERATOR>.
The following registers are absorbed into counter <state>: 1 register on signal <state>.
Unit <VGA_PIXEL_GENERATOR> synthesized (advanced).

Synthesizing (advanced) Unit <VGA_SIGNAL_GENERATOR>.
The following registers are absorbed into counter <hCnt>: 1 register on signal <hCnt>.
The following registers are absorbed into counter <vCnt>: 1 register on signal <vCnt>.
The following registers are absorbed into counter <pCnt>: 1 register on signal <pCnt>.
Unit <VGA_SIGNAL_GENERATOR> synthesized (advanced).

=========================================================================
Advanced HDL Synthesis Report

Macro Statistics
# Adders/Subtractors                                   : 9
 10-bit adder                                          : 2
 10-bit subtractor                                     : 2
 14-bit adder                                          : 2
 16-bit addsub                                         : 1
 24-bit adder                                          : 1
 4-bit adder                                           : 1
# Counters                                             : 4
 10-bit up counter                                     : 2
 2-bit up counter                                      : 2
# Registers                                            : 699
 Flip-Flops                                            : 699
# Comparators                                          : 8
 10-bit comparator greater                             : 6
 10-bit comparator lessequal                           : 2
# Multiplexers                                         : 101
 1-bit 16-to-1 multiplexer                             : 1
 1-bit 2-to-1 multiplexer                              : 44
 1-bit 32-to-1 multiplexer                             : 32
 1-bit 8-to-1 multiplexer                              : 1
 14-bit 2-to-1 multiplexer                             : 6
 16-bit 2-to-1 multiplexer                             : 10
 24-bit 2-to-1 multiplexer                             : 4
 5-bit 2-to-1 multiplexer                              : 2
 8-bit 2-to-1 multiplexer                              : 1
# FSMs                                                 : 1
# Xors                                                 : 3
 1-bit xor2                                            : 3

=========================================================================

=========================================================================
*                         Low Level Synthesis                           *
=========================================================================
INFO:Xst:2261 - The FF/Latch <current_op_code_3> in Unit <core> is equivalent to the following FF/Latch, which will be removed : <reg_ndx_1_0> 
INFO:Xst:2261 - The FF/Latch <current_op_code_4> in Unit <core> is equivalent to the following FF/Latch, which will be removed : <reg_ndx_1_1> 
INFO:Xst:2261 - The FF/Latch <current_op_code_5> in Unit <core> is equivalent to the following FF/Latch, which will be removed : <reg_ndx_1_2> 
INFO:Xst:2261 - The FF/Latch <current_instruction_16> in Unit <core> is equivalent to the following FF/Latch, which will be removed : <reg_ndx_1_3> 
INFO:Xst:2261 - The FF/Latch <current_instruction_17> in Unit <core> is equivalent to the following FF/Latch, which will be removed : <reg_ndx_1_4> 
INFO:Xst:2146 - In block <VGA_PIXEL_GENERATOR>, Counter <state> <vsg/pCnt> are equivalent, XST will keep only <state>.
Analyzing FSM <MFsm> for best encoding.
Optimizing FSM <core1/FSM_0> on signal <state[1:3]> with user encoding.
-------------------
 State | Encoding
-------------------
 000   | 000
 010   | 010
 011   | 011
 001   | 001
 100   | 100
 111   | 111
 101   | 101
 110   | 110
-------------------

Optimizing unit <core_top> ...

Optimizing unit <VGA_PIXEL_GENERATOR> ...

Optimizing unit <core> ...

Optimizing unit <reg_manager> ...

Optimizing unit <memory_manager> ...
WARNING:Xst:2677 - Node <core1/pc_23> of sequential type is unconnected in block <core_top>.
WARNING:Xst:2677 - Node <core1/pc_22> of sequential type is unconnected in block <core_top>.
WARNING:Xst:2677 - Node <core1/pc_21> of sequential type is unconnected in block <core_top>.
WARNING:Xst:2677 - Node <core1/pc_20> of sequential type is unconnected in block <core_top>.
WARNING:Xst:2677 - Node <core1/pc_19> of sequential type is unconnected in block <core_top>.
WARNING:Xst:2677 - Node <core1/pc_18> of sequential type is unconnected in block <core_top>.
WARNING:Xst:2677 - Node <core1/pc_17> of sequential type is unconnected in block <core_top>.
WARNING:Xst:2677 - Node <core1/pc_16> of sequential type is unconnected in block <core_top>.
WARNING:Xst:2677 - Node <core1/current_instruction_18> of sequential type is unconnected in block <core_top>.
WARNING:Xst:2677 - Node <core1/current_instruction_19> of sequential type is unconnected in block <core_top>.
WARNING:Xst:2677 - Node <core1/current_instruction_20> of sequential type is unconnected in block <core_top>.
WARNING:Xst:2677 - Node <core1/current_instruction_21> of sequential type is unconnected in block <core_top>.
WARNING:Xst:2677 - Node <core1/current_instruction_22> of sequential type is unconnected in block <core_top>.
WARNING:Xst:2677 - Node <core1/current_instruction_23> of sequential type is unconnected in block <core_top>.

Mapping all equations...
Building and optimizing final netlist ...
Found area constraint ratio of 100 (+ 5) on block core_top, actual ratio is 14.
FlipFlop core1/current_op_code_2 has been replicated 1 time(s)
FlipFlop core1/current_op_code_3 has been replicated 8 time(s)
FlipFlop core1/current_op_code_4 has been replicated 8 time(s)
FlipFlop core1/current_op_code_5 has been replicated 3 time(s)
FlipFlop core1/reg_ndx_2_0 has been replicated 8 time(s)
FlipFlop core1/reg_ndx_2_1 has been replicated 8 time(s)
FlipFlop core1/reg_ndx_2_2 has been replicated 1 time(s)
FlipFlop core1/reg_ndx_2_3 has been replicated 1 time(s)

Final Macro Processing ...

Processing Unit <core_top> :
	Found 11-bit shift register for signal <vga/vpg/seed_28>.
	Found 10-bit shift register for signal <vga/vpg/seed_27>.
Unit <core_top> processed.

=========================================================================
Final Register Report

Macro Statistics
# Registers                                            : 722
 Flip-Flops                                            : 722
# Shift Registers                                      : 2
 10-bit shift register                                 : 1
 11-bit shift register                                 : 1

=========================================================================

=========================================================================
*                           Partition Report                            *
=========================================================================

Partition Implementation Status
-------------------------------

  No Partitions were found in this design.

-------------------------------

=========================================================================
*                            Design Summary                             *
=========================================================================

Top Level Output File Name         : core_top.ngc

Primitive and Black Box Usage:
------------------------------
# BELS                             : 1070
#      GND                         : 2
#      INV                         : 7
#      LUT1                        : 18
#      LUT2                        : 32
#      LUT3                        : 113
#      LUT4                        : 56
#      LUT5                        : 134
#      LUT6                        : 549
#      MUXCY                       : 59
#      MUXF7                       : 34
#      VCC                         : 2
#      XORCY                       : 64
# FlipFlops/Latches                : 736
#      FD                          : 79
#      FDE                         : 629
#      FDR                         : 8
#      FDRE                        : 20
# RAMS                             : 34
#      RAMB16BWER                  : 30
#      RAMB8BWER                   : 4
# Shift Registers                  : 2
#      SRLC16E                     : 2
# Clock Buffers                    : 1
#      BUFGP                       : 1
# IO Buffers                       : 12
#      IBUF                        : 2
#      OBUF                        : 10

Device utilization summary:
---------------------------

Selected Device : 6slx16csg324-3 


Slice Logic Utilization: 
 Number of Slice Registers:             736  out of  18224     4%  
 Number of Slice LUTs:                  911  out of   9112     9%  
    Number used as Logic:               909  out of   9112     9%  
    Number used as Memory:                2  out of   2176     0%  
       Number used as SRL:                2

Slice Logic Distribution: 
 Number of LUT Flip Flop pairs used:   1444
   Number with an unused Flip Flop:     708  out of   1444    49%  
   Number with an unused LUT:           533  out of   1444    36%  
   Number of fully used LUT-FF pairs:   203  out of   1444    14%  
   Number of unique control sets:        44

IO Utilization: 
 Number of IOs:                          13
 Number of bonded IOBs:                  13  out of    232     5%  

Specific Feature Utilization:
 Number of Block RAM/FIFO:               32  out of     32   100%  
    Number using Block RAM only:         32
 Number of BUFG/BUFGCTRLs:                1  out of     16     6%  

---------------------------
Partition Resource Summary:
---------------------------

  No Partitions were found in this design.

---------------------------


=========================================================================
Timing Report

NOTE: THESE TIMING NUMBERS ARE ONLY A SYNTHESIS ESTIMATE.
      FOR ACCURATE TIMING INFORMATION PLEASE REFER TO THE TRACE REPORT
      GENERATED AFTER PLACE-and-ROUTE.

Clock Information:
------------------
-----------------------------------+------------------------+-------+
Clock Signal                       | Clock buffer(FF name)  | Load  |
-----------------------------------+------------------------+-------+
clk                                | BUFGP                  | 772   |
-----------------------------------+------------------------+-------+

Asynchronous Control Signals Information:
----------------------------------------
No asynchronous control signals found in this design

Timing Summary:
---------------
Speed Grade: -3

   Minimum period: 6.015ns (Maximum Frequency: 166.251MHz)
   Minimum input arrival time before clock: 4.577ns
   Maximum output required time after clock: 3.597ns
   Maximum combinational path delay: No path found

Timing Details:
---------------
All values displayed in nanoseconds (ns)

=========================================================================
Timing constraint: Default period analysis for Clock 'clk'
  Clock period: 6.015ns (frequency: 166.251MHz)
  Total number of paths / destination ports: 775182 / 2591
-------------------------------------------------------------------------
Delay:               6.015ns (Levels of Logic = 7)
  Source:            core1/rm/r24_0 (FF)
  Destination:       core1/rm/r31_0 (FF)
  Source Clock:      clk rising
  Destination Clock: clk rising

  Data Path: core1/rm/r24_0 to core1/rm/r31_0
                                Gate     Net
    Cell:in->out      fanout   Delay   Delay  Logical Name (Net Name)
    ----------------------------------------  ------------
     FDE:C->Q              3   0.447   1.015  core1/rm/r24_0 (core1/rm/r24_0)
     LUT6:I0->O            1   0.203   0.827  core1/rm/mux_81 (core1/rm/mux_81)
     LUT6:I2->O            1   0.203   0.000  core1/rm/mux_3 (core1/rm/mux_3)
     MUXF7:I1->O           1   0.140   0.684  core1/rm/mux_2_f7 (core1/reg_left_data<0>)
     LUT4:I2->O            1   0.203   0.000  core1/Mmux_GND_2_o_reg_right_data[15]_mux_40_OUT_rs_lut<0> (core1/Mmux_GND_2_o_reg_right_data[15]_mux_40_OUT_rs_lut<0>)
     XORCY:LI->O           2   0.136   0.617  core1/Mmux_GND_2_o_reg_right_data[15]_mux_40_OUT_rs_xor<0> (core1/GND_2_o_reg_right_data[15]_mux_40_OUT<0>)
     LUT5:I4->O           17   0.205   1.028  core1/Mmux_w_data11 (core1/w_data<0>)
     LUT3:I2->O            1   0.205   0.000  core1/rm/r3_0_dpot (core1/rm/r3_0_dpot)
     FDE:D                     0.102          core1/rm/r3_0
    ----------------------------------------
    Total                      6.015ns (1.844ns logic, 4.171ns route)
                                       (30.7% logic, 69.3% route)

=========================================================================
Timing constraint: Default OFFSET IN BEFORE for Clock 'clk'
  Total number of paths / destination ports: 56 / 16
-------------------------------------------------------------------------
Offset:              4.577ns (Levels of Logic = 4)
  Source:            sw<1> (PAD)
  Destination:       vga/vpg/tempColor_7 (FF)
  Destination Clock: clk rising

  Data Path: sw<1> to vga/vpg/tempColor_7
                                Gate     Net
    Cell:in->out      fanout   Delay   Delay  Logical Name (Net Name)
    ----------------------------------------  ------------
     IBUF:I->O            12   1.222   1.156  sw_1_IBUF (sw_1_IBUF)
     LUT6:I2->O            1   0.203   0.580  vga/vpg/_n0130<1>1 (vga/vpg/_n0130<1>)
     LUT6:I5->O            8   0.205   0.907  vga/vpg/_n0130<1>2 (vga/vpg/_n0130)
     LUT6:I4->O            1   0.203   0.000  vga/vpg/tempColor_7_glue_set (vga/vpg/tempColor_7_glue_set)
     FDR:D                     0.102          vga/vpg/tempColor_7
    ----------------------------------------
    Total                      4.577ns (1.935ns logic, 2.642ns route)
                                       (42.3% logic, 57.7% route)

=========================================================================
Timing constraint: Default OFFSET OUT AFTER for Clock 'clk'
  Total number of paths / destination ports: 10 / 10
-------------------------------------------------------------------------
Offset:              3.597ns (Levels of Logic = 1)
  Source:            vga/vpg/color_7 (FF)
  Destination:       rgb<7> (PAD)
  Source Clock:      clk rising

  Data Path: vga/vpg/color_7 to rgb<7>
                                Gate     Net
    Cell:in->out      fanout   Delay   Delay  Logical Name (Net Name)
    ----------------------------------------  ------------
     FD:C->Q               1   0.447   0.579  vga/vpg/color_7 (vga/vpg/color_7)
     OBUF:I->O                 2.571          rgb_7_OBUF (rgb<7>)
    ----------------------------------------
    Total                      3.597ns (3.018ns logic, 0.579ns route)
                                       (83.9% logic, 16.1% route)

=========================================================================

Cross Clock Domains Report:
--------------------------

Clock to Setup on destination clock clk
---------------+---------+---------+---------+---------+
               | Src:Rise| Src:Fall| Src:Rise| Src:Fall|
Source Clock   |Dest:Rise|Dest:Rise|Dest:Fall|Dest:Fall|
---------------+---------+---------+---------+---------+
clk            |    6.015|         |         |         |
---------------+---------+---------+---------+---------+

=========================================================================


Total REAL time to Xst completion: 14.00 secs
Total CPU time to Xst completion: 14.61 secs
 
--> 

Total memory usage is 315536 kilobytes

Number of errors   :    0 (   0 filtered)
Number of warnings :   16 (   0 filtered)
Number of infos    :   12 (   0 filtered)

