Release 14.7 - xst P.20131013 (nt64)
Copyright (c) 1995-2013 Xilinx, Inc.  All rights reserved.
--> Parameter TMPDIR set to xst/projnav.tmp


Total REAL time to Xst completion: 1.00 secs
Total CPU time to Xst completion: 0.81 secs
 
--> Parameter xsthdpdir set to xst


Total REAL time to Xst completion: 1.00 secs
Total CPU time to Xst completion: 0.81 secs
 
--> Reading design: i2c_top_test.prj

TABLE OF CONTENTS
  1) Synthesis Options Summary
  2) HDL Parsing
  3) HDL Elaboration
  4) HDL Synthesis
       4.1) HDL Synthesis Report
  5) Advanced HDL Synthesis
       5.1) Advanced HDL Synthesis Report
  6) Low Level Synthesis
  7) Partition Report
  8) Design Summary
       8.1) Primitive and Black Box Usage
       8.2) Device utilization summary
       8.3) Partition Resource Summary
       8.4) Timing Report
            8.4.1) Clock Information
            8.4.2) Asynchronous Control Signals Information
            8.4.3) Timing Summary
            8.4.4) Timing Details
            8.4.5) Cross Clock Domains Report


=========================================================================
*                      Synthesis Options Summary                        *
=========================================================================
---- Source Parameters
Input File Name                    : "i2c_top_test.prj"
Ignore Synthesis Constraint File   : NO

---- Target Parameters
Output File Name                   : "i2c_top_test"
Output Format                      : NGC
Target Device                      : xc6slx16-3-csg324

---- Source Options
Top Module Name                    : i2c_top_test
Automatic FSM Extraction           : YES
FSM Encoding Algorithm             : Auto
Safe Implementation                : No
FSM Style                          : LUT
RAM Extraction                     : Yes
RAM Style                          : Auto
ROM Extraction                     : Yes
Shift Register Extraction          : YES
ROM Style                          : Auto
Resource Sharing                   : YES
Asynchronous To Synchronous        : NO
Shift Register Minimum Size        : 2
Use DSP Block                      : Auto
Automatic Register Balancing       : No

---- Target Options
LUT Combining                      : Auto
Reduce Control Sets                : Auto
Add IO Buffers                     : YES
Global Maximum Fanout              : 100000
Add Generic Clock Buffer(BUFG)     : 16
Register Duplication               : YES
Optimize Instantiated Primitives   : NO
Use Clock Enable                   : Auto
Use Synchronous Set                : Auto
Use Synchronous Reset              : Auto
Pack IO Registers into IOBs        : Auto
Equivalent register Removal        : YES

---- General Options
Optimization Goal                  : Speed
Optimization Effort                : 1
Power Reduction                    : NO
Keep Hierarchy                     : No
Netlist Hierarchy                  : As_Optimized
RTL Output                         : Yes
Global Optimization                : AllClockNets
Read Cores                         : YES
Write Timing Constraints           : NO
Cross Clock Analysis               : NO
Hierarchy Separator                : /
Bus Delimiter                      : <>
Case Specifier                     : Maintain
Slice Utilization Ratio            : 100
BRAM Utilization Ratio             : 100
DSP48 Utilization Ratio            : 100
Auto BRAM Packing                  : NO
Slice Utilization Ratio Delta      : 5

---- Other Options
Cores Search Directories           : {"ipcore_dir"  }

=========================================================================


=========================================================================
*                          HDL Parsing                                  *
=========================================================================
Analyzing Verilog file "C:\Users\Derek\Documents\GitHub\ECE-3710-MAIN\IR_repositioning\i2c_clk_div.v" into library work
Parsing module <i2c_clk_div>.
Analyzing Verilog file "C:\Users\Derek\Documents\GitHub\ECE-3710-MAIN\IR_repositioning\i2c.v" into library work
Parsing module <i2c>.
Analyzing Verilog file "C:\Users\Derek\Documents\GitHub\ECE-3710-MAIN\IR_repositioning\i2c_top_test.v" into library work
Parsing module <i2c_top_test>.

=========================================================================
*                            HDL Elaboration                            *
=========================================================================
WARNING:HDLCompiler:1016 - "C:\Users\Derek\Documents\GitHub\ECE-3710-MAIN\IR_repositioning\i2c_top_test.v" Line 39: Port PTAT_packet is not connected to this instance

Elaborating module <i2c_top_test>.

Elaborating module <i2c>.

Elaborating module <i2c_clk_div>.
WARNING:HDLCompiler:189 - "C:\Users\Derek\Documents\GitHub\ECE-3710-MAIN\IR_repositioning\i2c_top_test.v" Line 41: Size mismatch in connection of port <rst>. Formal port size is 1-bit while actual signal size is 32-bit.

=========================================================================
*                           HDL Synthesis                               *
=========================================================================

Synthesizing Unit <i2c_top_test>.
    Related source file is "C:\Users\Derek\Documents\GitHub\ECE-3710-MAIN\IR_repositioning\i2c_top_test.v".
INFO:Xst:3210 - "C:\Users\Derek\Documents\GitHub\ECE-3710-MAIN\IR_repositioning\i2c_top_test.v" line 39: Output port <PTAT_packet> of the instance <i2c_testing> is unconnected or connected to loadless signal.
INFO:Xst:3210 - "C:\Users\Derek\Documents\GitHub\ECE-3710-MAIN\IR_repositioning\i2c_top_test.v" line 39: Output port <packet_0> of the instance <i2c_testing> is unconnected or connected to loadless signal.
INFO:Xst:3210 - "C:\Users\Derek\Documents\GitHub\ECE-3710-MAIN\IR_repositioning\i2c_top_test.v" line 39: Output port <packet_1> of the instance <i2c_testing> is unconnected or connected to loadless signal.
INFO:Xst:3210 - "C:\Users\Derek\Documents\GitHub\ECE-3710-MAIN\IR_repositioning\i2c_top_test.v" line 39: Output port <packet_2> of the instance <i2c_testing> is unconnected or connected to loadless signal.
INFO:Xst:3210 - "C:\Users\Derek\Documents\GitHub\ECE-3710-MAIN\IR_repositioning\i2c_top_test.v" line 39: Output port <packet_3> of the instance <i2c_testing> is unconnected or connected to loadless signal.
INFO:Xst:3210 - "C:\Users\Derek\Documents\GitHub\ECE-3710-MAIN\IR_repositioning\i2c_top_test.v" line 39: Output port <packet_5> of the instance <i2c_testing> is unconnected or connected to loadless signal.
INFO:Xst:3210 - "C:\Users\Derek\Documents\GitHub\ECE-3710-MAIN\IR_repositioning\i2c_top_test.v" line 39: Output port <packet_6> of the instance <i2c_testing> is unconnected or connected to loadless signal.
INFO:Xst:3210 - "C:\Users\Derek\Documents\GitHub\ECE-3710-MAIN\IR_repositioning\i2c_top_test.v" line 39: Output port <packet_7> of the instance <i2c_testing> is unconnected or connected to loadless signal.
INFO:Xst:3210 - "C:\Users\Derek\Documents\GitHub\ECE-3710-MAIN\IR_repositioning\i2c_top_test.v" line 39: Output port <pec_data> of the instance <i2c_testing> is unconnected or connected to loadless signal.
INFO:Xst:3210 - "C:\Users\Derek\Documents\GitHub\ECE-3710-MAIN\IR_repositioning\i2c_top_test.v" line 39: Output port <valid> of the instance <i2c_testing> is unconnected or connected to loadless signal.
    Found 1-bit register for signal <slwclk>.
    Summary:
	inferred   1 D-type flip-flop(s).
Unit <i2c_top_test> synthesized.

Synthesizing Unit <i2c>.
    Related source file is "C:\Users\Derek\Documents\GitHub\ECE-3710-MAIN\IR_repositioning\i2c.v".
    Found 1-bit register for signal <PTAT_packet<15>>.
    Found 1-bit register for signal <PTAT_packet<14>>.
    Found 1-bit register for signal <PTAT_packet<13>>.
    Found 1-bit register for signal <PTAT_packet<12>>.
    Found 1-bit register for signal <PTAT_packet<11>>.
    Found 1-bit register for signal <PTAT_packet<10>>.
    Found 1-bit register for signal <PTAT_packet<9>>.
    Found 1-bit register for signal <PTAT_packet<8>>.
    Found 1-bit register for signal <PTAT_packet<7>>.
    Found 1-bit register for signal <PTAT_packet<6>>.
    Found 1-bit register for signal <PTAT_packet<5>>.
    Found 1-bit register for signal <PTAT_packet<4>>.
    Found 1-bit register for signal <PTAT_packet<3>>.
    Found 1-bit register for signal <PTAT_packet<2>>.
    Found 1-bit register for signal <PTAT_packet<1>>.
    Found 1-bit register for signal <PTAT_packet<0>>.
    Found 1-bit register for signal <packet_0<15>>.
    Found 1-bit register for signal <packet_0<14>>.
    Found 1-bit register for signal <packet_0<13>>.
    Found 1-bit register for signal <packet_0<12>>.
    Found 1-bit register for signal <packet_0<11>>.
    Found 1-bit register for signal <packet_0<10>>.
    Found 1-bit register for signal <packet_0<9>>.
    Found 1-bit register for signal <packet_0<8>>.
    Found 1-bit register for signal <packet_0<7>>.
    Found 1-bit register for signal <packet_0<6>>.
    Found 1-bit register for signal <packet_0<5>>.
    Found 1-bit register for signal <packet_0<4>>.
    Found 1-bit register for signal <packet_0<3>>.
    Found 1-bit register for signal <packet_0<2>>.
    Found 1-bit register for signal <packet_0<1>>.
    Found 1-bit register for signal <packet_0<0>>.
    Found 1-bit register for signal <packet_1<15>>.
    Found 1-bit register for signal <packet_1<14>>.
    Found 1-bit register for signal <packet_1<13>>.
    Found 1-bit register for signal <packet_1<12>>.
    Found 1-bit register for signal <packet_1<11>>.
    Found 1-bit register for signal <packet_1<10>>.
    Found 1-bit register for signal <packet_1<9>>.
    Found 1-bit register for signal <packet_1<8>>.
    Found 1-bit register for signal <packet_1<7>>.
    Found 1-bit register for signal <packet_1<6>>.
    Found 1-bit register for signal <packet_1<5>>.
    Found 1-bit register for signal <packet_1<4>>.
    Found 1-bit register for signal <packet_1<3>>.
    Found 1-bit register for signal <packet_1<2>>.
    Found 1-bit register for signal <packet_1<1>>.
    Found 1-bit register for signal <packet_1<0>>.
    Found 1-bit register for signal <packet_2<15>>.
    Found 1-bit register for signal <packet_2<14>>.
    Found 1-bit register for signal <packet_2<13>>.
    Found 1-bit register for signal <packet_2<12>>.
    Found 1-bit register for signal <packet_2<11>>.
    Found 1-bit register for signal <packet_2<10>>.
    Found 1-bit register for signal <packet_2<9>>.
    Found 1-bit register for signal <packet_2<8>>.
    Found 1-bit register for signal <packet_2<7>>.
    Found 1-bit register for signal <packet_2<6>>.
    Found 1-bit register for signal <packet_2<5>>.
    Found 1-bit register for signal <packet_2<4>>.
    Found 1-bit register for signal <packet_2<3>>.
    Found 1-bit register for signal <packet_2<2>>.
    Found 1-bit register for signal <packet_2<1>>.
    Found 1-bit register for signal <packet_2<0>>.
    Found 1-bit register for signal <packet_3<15>>.
    Found 1-bit register for signal <packet_3<14>>.
    Found 1-bit register for signal <packet_3<13>>.
    Found 1-bit register for signal <packet_3<12>>.
    Found 1-bit register for signal <packet_3<11>>.
    Found 1-bit register for signal <packet_3<10>>.
    Found 1-bit register for signal <packet_3<9>>.
    Found 1-bit register for signal <packet_3<8>>.
    Found 1-bit register for signal <packet_3<7>>.
    Found 1-bit register for signal <packet_3<6>>.
    Found 1-bit register for signal <packet_3<5>>.
    Found 1-bit register for signal <packet_3<4>>.
    Found 1-bit register for signal <packet_3<3>>.
    Found 1-bit register for signal <packet_3<2>>.
    Found 1-bit register for signal <packet_3<1>>.
    Found 1-bit register for signal <packet_3<0>>.
    Found 1-bit register for signal <packet_4<15>>.
    Found 1-bit register for signal <packet_4<14>>.
    Found 1-bit register for signal <packet_4<13>>.
    Found 1-bit register for signal <packet_4<12>>.
    Found 1-bit register for signal <packet_4<11>>.
    Found 1-bit register for signal <packet_4<10>>.
    Found 1-bit register for signal <packet_4<9>>.
    Found 1-bit register for signal <packet_4<8>>.
    Found 1-bit register for signal <packet_4<7>>.
    Found 1-bit register for signal <packet_4<6>>.
    Found 1-bit register for signal <packet_4<5>>.
    Found 1-bit register for signal <packet_4<4>>.
    Found 1-bit register for signal <packet_4<3>>.
    Found 1-bit register for signal <packet_4<2>>.
    Found 1-bit register for signal <packet_4<1>>.
    Found 1-bit register for signal <packet_4<0>>.
    Found 1-bit register for signal <packet_5<15>>.
    Found 1-bit register for signal <packet_5<14>>.
    Found 1-bit register for signal <packet_5<13>>.
    Found 1-bit register for signal <packet_5<12>>.
    Found 1-bit register for signal <packet_5<11>>.
    Found 1-bit register for signal <packet_5<10>>.
    Found 1-bit register for signal <packet_5<9>>.
    Found 1-bit register for signal <packet_5<8>>.
    Found 1-bit register for signal <packet_5<7>>.
    Found 1-bit register for signal <packet_5<6>>.
    Found 1-bit register for signal <packet_5<5>>.
    Found 1-bit register for signal <packet_5<4>>.
    Found 1-bit register for signal <packet_5<3>>.
    Found 1-bit register for signal <packet_5<2>>.
    Found 1-bit register for signal <packet_5<1>>.
    Found 1-bit register for signal <packet_5<0>>.
    Found 1-bit register for signal <packet_6<15>>.
    Found 1-bit register for signal <packet_6<14>>.
    Found 1-bit register for signal <packet_6<13>>.
    Found 1-bit register for signal <packet_6<12>>.
    Found 1-bit register for signal <packet_6<11>>.
    Found 1-bit register for signal <packet_6<10>>.
    Found 1-bit register for signal <packet_6<9>>.
    Found 1-bit register for signal <packet_6<8>>.
    Found 1-bit register for signal <packet_6<7>>.
    Found 1-bit register for signal <packet_6<6>>.
    Found 1-bit register for signal <packet_6<5>>.
    Found 1-bit register for signal <packet_6<4>>.
    Found 1-bit register for signal <packet_6<3>>.
    Found 1-bit register for signal <packet_6<2>>.
    Found 1-bit register for signal <packet_6<1>>.
    Found 1-bit register for signal <packet_6<0>>.
    Found 1-bit register for signal <packet_7<15>>.
    Found 1-bit register for signal <packet_7<14>>.
    Found 1-bit register for signal <packet_7<13>>.
    Found 1-bit register for signal <packet_7<12>>.
    Found 1-bit register for signal <packet_7<11>>.
    Found 1-bit register for signal <packet_7<10>>.
    Found 1-bit register for signal <packet_7<9>>.
    Found 1-bit register for signal <packet_7<8>>.
    Found 1-bit register for signal <packet_7<7>>.
    Found 1-bit register for signal <packet_7<6>>.
    Found 1-bit register for signal <packet_7<5>>.
    Found 1-bit register for signal <packet_7<4>>.
    Found 1-bit register for signal <packet_7<3>>.
    Found 1-bit register for signal <packet_7<2>>.
    Found 1-bit register for signal <packet_7<1>>.
    Found 1-bit register for signal <packet_7<0>>.
    Found 1-bit register for signal <pec_data<7>>.
    Found 1-bit register for signal <pec_data<6>>.
    Found 1-bit register for signal <pec_data<5>>.
    Found 1-bit register for signal <pec_data<4>>.
    Found 1-bit register for signal <pec_data<3>>.
    Found 1-bit register for signal <pec_data<2>>.
    Found 1-bit register for signal <pec_data<1>>.
    Found 1-bit register for signal <pec_data<0>>.
    Found 9-bit register for signal <state>.
    Found 1-bit register for signal <sda_en>.
    Found 1-bit register for signal <sda_out>.
    Found 3-bit register for signal <ndx>.
    Found 1-bit register for signal <valid>.
    Found 1-bit register for signal <scl_en>.
    Found finite state machine <FSM_0> for signal <state>.
    -----------------------------------------------------------------------
    | States             | 52                                             |
    | Transitions        | 127                                            |
    | Inputs             | 3                                              |
    | Outputs            | 61                                             |
    | Clock              | clk (rising_edge)                              |
    | Power Up State     | 000000000                                      |
    | Encoding           | auto                                           |
    | Implementation     | LUT                                            |
    -----------------------------------------------------------------------
    Found 3-bit subtractor for signal <ndx[2]_GND_2_o_sub_92_OUT> created at line 324.
    Found 5-bit adder for signal <n0629> created at line 185.
    Found 8x2-bit Read Only RAM for signal <_n1213>
    Found 1-bit tristate buffer for signal <SDA> created at line 131
    Found 1-bit tristate buffer for signal <SCL_OUT> created at line 133
    Found 5-bit comparator greater for signal <n0028> created at line 185
    Summary:
	inferred   1 RAM(s).
	inferred   2 Adder/Subtractor(s).
	inferred 159 D-type flip-flop(s).
	inferred   1 Comparator(s).
	inferred 239 Multiplexer(s).
	inferred   2 Tristate(s).
	inferred   1 Finite State Machine(s).
Unit <i2c> synthesized.

Synthesizing Unit <i2c_clk_div>.
    Related source file is "C:\Users\Derek\Documents\GitHub\ECE-3710-MAIN\IR_repositioning\i2c_clk_div.v".
WARNING:Xst:647 - Input <rst> is never used. This port will be preserved and left unconnected if it belongs to a top-level block or it belongs to a sub-block and the hierarchy of this sub-block is preserved.
    Found 10-bit register for signal <cnt>.
    Found 1-bit register for signal <i2c_clk>.
    Found 10-bit adder for signal <cnt[9]_GND_3_o_add_2_OUT> created at line 45.
    Summary:
	inferred   1 Adder/Subtractor(s).
	inferred  11 D-type flip-flop(s).
Unit <i2c_clk_div> synthesized.

=========================================================================
HDL Synthesis Report

Macro Statistics
# RAMs                                                 : 1
 8x2-bit single-port Read Only RAM                     : 1
# Adders/Subtractors                                   : 3
 10-bit adder                                          : 1
 3-bit subtractor                                      : 1
 5-bit adder                                           : 1
# Registers                                            : 18
 1-bit register                                        : 6
 10-bit register                                       : 1
 16-bit register                                       : 9
 3-bit register                                        : 1
 8-bit register                                        : 1
# Comparators                                          : 1
 5-bit comparator greater                              : 1
# Multiplexers                                         : 239
 1-bit 2-to-1 multiplexer                              : 225
 3-bit 2-to-1 multiplexer                              : 13
 8-bit 2-to-1 multiplexer                              : 1
# Tristates                                            : 2
 1-bit tristate buffer                                 : 2
# FSMs                                                 : 1

=========================================================================

=========================================================================
*                       Advanced HDL Synthesis                          *
=========================================================================


Synthesizing (advanced) Unit <i2c>.
INFO:Xst:3231 - The small RAM <Mram__n1213> will be implemented on LUTs in order to maximize performance and save block RAM resources. If you want to force its implementation on block, use option/constraint ram_style.
    -----------------------------------------------------------------------
    | ram_type           | Distributed                         |          |
    -----------------------------------------------------------------------
    | Port A                                                              |
    |     aspect ratio   | 8-word x 2-bit                      |          |
    |     weA            | connected to signal <GND>           | high     |
    |     addrA          | connected to signal <ndx>           |          |
    |     diA            | connected to signal <GND>           |          |
    |     doA            | connected to internal node          |          |
    -----------------------------------------------------------------------
Unit <i2c> synthesized (advanced).

Synthesizing (advanced) Unit <i2c_clk_div>.
The following registers are absorbed into counter <cnt>: 1 register on signal <cnt>.
Unit <i2c_clk_div> synthesized (advanced).

=========================================================================
Advanced HDL Synthesis Report

Macro Statistics
# RAMs                                                 : 1
 8x2-bit single-port distributed Read Only RAM         : 1
# Adders/Subtractors                                   : 2
 3-bit subtractor                                      : 1
 5-bit adder                                           : 1
# Counters                                             : 1
 10-bit up counter                                     : 1
# Registers                                            : 161
 Flip-Flops                                            : 161
# Comparators                                          : 1
 5-bit comparator greater                              : 1
# Multiplexers                                         : 239
 1-bit 2-to-1 multiplexer                              : 225
 3-bit 2-to-1 multiplexer                              : 13
 8-bit 2-to-1 multiplexer                              : 1
# FSMs                                                 : 1

=========================================================================

=========================================================================
*                         Low Level Synthesis                           *
=========================================================================
Analyzing FSM <MFsm> for best encoding.
Optimizing FSM <i2c_testing/FSM_0> on signal <state[1:52]> with one-hot encoding.
-------------------------------------------------------------------
 State     | Encoding
-------------------------------------------------------------------
 000000000 | 0000000000000000000000000000000000000000000000000001
 000000001 | 0000000000000000000000000000000000000000000000000010
 000000010 | 0000000000000000000000000000000000000000000000000100
 000000011 | 0000000000000000000000000000000000000000000000001000
 000000100 | 0000000000000000000000000000000000000000000000010000
 000001000 | 0000000000000000000000000000000000000000000000100000
 000001001 | 0000000000000000000000000000000000000000000001000000
 000110010 | 0000000000000000000000000000000000000000000010000000
 000000111 | 0000000000000000000000000000000000000000000100000000
 000001010 | 0000000000000000000000000000000000000000001000000000
 000101000 | 0000000000000000000000000000000000000000010000000000
 000001011 | 0000000000000000000000000000000000000000100000000000
 000101001 | 0000000000000000000000000000000000000001000000000000
 000001100 | 0000000000000000000000000000000000000010000000000000
 000011101 | 0000000000000000000000000000000000000100000000000000
 000001101 | 0000000000000000000000000000000000001000000000000000
 000101010 | 0000000000000000000000000000000000010000000000000000
 000001110 | 0000000000000000000000000000000000100000000000000000
 000011110 | 0000000000000000000000000000000001000000000000000000
 000001111 | 0000000000000000000000000000000010000000000000000000
 000101011 | 0000000000000000000000000000000100000000000000000000
 000010000 | 0000000000000000000000000000001000000000000000000000
 000011111 | 0000000000000000000000000000010000000000000000000000
 000010001 | 0000000000000000000000000000100000000000000000000000
 000101100 | 0000000000000000000000000001000000000000000000000000
 000010010 | 0000000000000000000000000010000000000000000000000000
 000100000 | 0000000000000000000000000100000000000000000000000000
 000010011 | 0000000000000000000000001000000000000000000000000000
 000101101 | 0000000000000000000000010000000000000000000000000000
 000010100 | 0000000000000000000000100000000000000000000000000000
 000100001 | 0000000000000000000001000000000000000000000000000000
 000010101 | 0000000000000000000010000000000000000000000000000000
 000101110 | 0000000000000000000100000000000000000000000000000000
 000010110 | 0000000000000000001000000000000000000000000000000000
 000100010 | 0000000000000000010000000000000000000000000000000000
 000010111 | 0000000000000000100000000000000000000000000000000000
 000101111 | 0000000000000001000000000000000000000000000000000000
 000011000 | 0000000000000010000000000000000000000000000000000000
 000100011 | 0000000000000100000000000000000000000000000000000000
 000011001 | 0000000000001000000000000000000000000000000000000000
 000110000 | 0000000000010000000000000000000000000000000000000000
 000011010 | 0000000000100000000000000000000000000000000000000000
 000100100 | 0000000001000000000000000000000000000000000000000000
 000011011 | 0000000010000000000000000000000000000000000000000000
 000110001 | 0000000100000000000000000000000000000000000000000000
 000011100 | 0000001000000000000000000000000000000000000000000000
 000100101 | 0000010000000000000000000000000000000000000000000000
 000100110 | 0000100000000000000000000000000000000000000000000000
 000100111 | 0001000000000000000000000000000000000000000000000000
 000110011 | 0010000000000000000000000000000000000000000000000000
 000000101 | 0100000000000000000000000000000000000000000000000000
 000000110 | 1000000000000000000000000000000000000000000000000000
-------------------------------------------------------------------
WARNING:Xst:2677 - Node <i2c_testing/pec_data_7> of sequential type is unconnected in block <i2c_top_test>.
WARNING:Xst:2677 - Node <i2c_testing/pec_data_6> of sequential type is unconnected in block <i2c_top_test>.
WARNING:Xst:2677 - Node <i2c_testing/pec_data_5> of sequential type is unconnected in block <i2c_top_test>.
WARNING:Xst:2677 - Node <i2c_testing/pec_data_4> of sequential type is unconnected in block <i2c_top_test>.
WARNING:Xst:2677 - Node <i2c_testing/pec_data_3> of sequential type is unconnected in block <i2c_top_test>.
WARNING:Xst:2677 - Node <i2c_testing/pec_data_2> of sequential type is unconnected in block <i2c_top_test>.
WARNING:Xst:2677 - Node <i2c_testing/pec_data_1> of sequential type is unconnected in block <i2c_top_test>.
WARNING:Xst:2677 - Node <i2c_testing/pec_data_0> of sequential type is unconnected in block <i2c_top_test>.
WARNING:Xst:2677 - Node <i2c_testing/packet_7_15> of sequential type is unconnected in block <i2c_top_test>.
WARNING:Xst:2677 - Node <i2c_testing/packet_7_14> of sequential type is unconnected in block <i2c_top_test>.
WARNING:Xst:2677 - Node <i2c_testing/packet_7_13> of sequential type is unconnected in block <i2c_top_test>.
WARNING:Xst:2677 - Node <i2c_testing/packet_7_12> of sequential type is unconnected in block <i2c_top_test>.
WARNING:Xst:2677 - Node <i2c_testing/packet_7_11> of sequential type is unconnected in block <i2c_top_test>.
WARNING:Xst:2677 - Node <i2c_testing/packet_7_10> of sequential type is unconnected in block <i2c_top_test>.
WARNING:Xst:2677 - Node <i2c_testing/packet_7_9> of sequential type is unconnected in block <i2c_top_test>.
WARNING:Xst:2677 - Node <i2c_testing/packet_7_8> of sequential type is unconnected in block <i2c_top_test>.
WARNING:Xst:2677 - Node <i2c_testing/packet_7_7> of sequential type is unconnected in block <i2c_top_test>.
WARNING:Xst:2677 - Node <i2c_testing/packet_7_6> of sequential type is unconnected in block <i2c_top_test>.
WARNING:Xst:2677 - Node <i2c_testing/packet_7_5> of sequential type is unconnected in block <i2c_top_test>.
WARNING:Xst:2677 - Node <i2c_testing/packet_7_4> of sequential type is unconnected in block <i2c_top_test>.
WARNING:Xst:2677 - Node <i2c_testing/packet_7_3> of sequential type is unconnected in block <i2c_top_test>.
WARNING:Xst:2677 - Node <i2c_testing/packet_7_2> of sequential type is unconnected in block <i2c_top_test>.
WARNING:Xst:2677 - Node <i2c_testing/packet_7_1> of sequential type is unconnected in block <i2c_top_test>.
WARNING:Xst:2677 - Node <i2c_testing/packet_7_0> of sequential type is unconnected in block <i2c_top_test>.
WARNING:Xst:2677 - Node <i2c_testing/packet_6_15> of sequential type is unconnected in block <i2c_top_test>.
WARNING:Xst:2677 - Node <i2c_testing/packet_6_14> of sequential type is unconnected in block <i2c_top_test>.
WARNING:Xst:2677 - Node <i2c_testing/packet_6_13> of sequential type is unconnected in block <i2c_top_test>.
WARNING:Xst:2677 - Node <i2c_testing/packet_6_12> of sequential type is unconnected in block <i2c_top_test>.
WARNING:Xst:2677 - Node <i2c_testing/packet_6_11> of sequential type is unconnected in block <i2c_top_test>.
WARNING:Xst:2677 - Node <i2c_testing/packet_6_10> of sequential type is unconnected in block <i2c_top_test>.
WARNING:Xst:2677 - Node <i2c_testing/packet_6_9> of sequential type is unconnected in block <i2c_top_test>.
WARNING:Xst:2677 - Node <i2c_testing/packet_6_8> of sequential type is unconnected in block <i2c_top_test>.
WARNING:Xst:2677 - Node <i2c_testing/packet_6_7> of sequential type is unconnected in block <i2c_top_test>.
WARNING:Xst:2677 - Node <i2c_testing/packet_6_6> of sequential type is unconnected in block <i2c_top_test>.
WARNING:Xst:2677 - Node <i2c_testing/packet_6_5> of sequential type is unconnected in block <i2c_top_test>.
WARNING:Xst:2677 - Node <i2c_testing/packet_6_4> of sequential type is unconnected in block <i2c_top_test>.
WARNING:Xst:2677 - Node <i2c_testing/packet_6_3> of sequential type is unconnected in block <i2c_top_test>.
WARNING:Xst:2677 - Node <i2c_testing/packet_6_2> of sequential type is unconnected in block <i2c_top_test>.
WARNING:Xst:2677 - Node <i2c_testing/packet_6_1> of sequential type is unconnected in block <i2c_top_test>.
WARNING:Xst:2677 - Node <i2c_testing/packet_6_0> of sequential type is unconnected in block <i2c_top_test>.
WARNING:Xst:2677 - Node <i2c_testing/packet_5_15> of sequential type is unconnected in block <i2c_top_test>.
WARNING:Xst:2677 - Node <i2c_testing/packet_5_14> of sequential type is unconnected in block <i2c_top_test>.
WARNING:Xst:2677 - Node <i2c_testing/packet_5_13> of sequential type is unconnected in block <i2c_top_test>.
WARNING:Xst:2677 - Node <i2c_testing/packet_5_12> of sequential type is unconnected in block <i2c_top_test>.
WARNING:Xst:2677 - Node <i2c_testing/packet_5_11> of sequential type is unconnected in block <i2c_top_test>.
WARNING:Xst:2677 - Node <i2c_testing/packet_5_10> of sequential type is unconnected in block <i2c_top_test>.
WARNING:Xst:2677 - Node <i2c_testing/packet_5_9> of sequential type is unconnected in block <i2c_top_test>.
WARNING:Xst:2677 - Node <i2c_testing/packet_5_8> of sequential type is unconnected in block <i2c_top_test>.
WARNING:Xst:2677 - Node <i2c_testing/packet_5_7> of sequential type is unconnected in block <i2c_top_test>.
WARNING:Xst:2677 - Node <i2c_testing/packet_5_6> of sequential type is unconnected in block <i2c_top_test>.
WARNING:Xst:2677 - Node <i2c_testing/packet_5_5> of sequential type is unconnected in block <i2c_top_test>.
WARNING:Xst:2677 - Node <i2c_testing/packet_5_4> of sequential type is unconnected in block <i2c_top_test>.
WARNING:Xst:2677 - Node <i2c_testing/packet_5_3> of sequential type is unconnected in block <i2c_top_test>.
WARNING:Xst:2677 - Node <i2c_testing/packet_5_2> of sequential type is unconnected in block <i2c_top_test>.
WARNING:Xst:2677 - Node <i2c_testing/packet_5_1> of sequential type is unconnected in block <i2c_top_test>.
WARNING:Xst:2677 - Node <i2c_testing/packet_5_0> of sequential type is unconnected in block <i2c_top_test>.
WARNING:Xst:2677 - Node <i2c_testing/packet_4_15> of sequential type is unconnected in block <i2c_top_test>.
WARNING:Xst:2677 - Node <i2c_testing/packet_4_14> of sequential type is unconnected in block <i2c_top_test>.
WARNING:Xst:2677 - Node <i2c_testing/packet_4_13> of sequential type is unconnected in block <i2c_top_test>.
WARNING:Xst:2677 - Node <i2c_testing/packet_4_12> of sequential type is unconnected in block <i2c_top_test>.
WARNING:Xst:2677 - Node <i2c_testing/packet_4_11> of sequential type is unconnected in block <i2c_top_test>.
WARNING:Xst:2677 - Node <i2c_testing/packet_4_10> of sequential type is unconnected in block <i2c_top_test>.
WARNING:Xst:2677 - Node <i2c_testing/packet_4_9> of sequential type is unconnected in block <i2c_top_test>.
WARNING:Xst:2677 - Node <i2c_testing/packet_4_8> of sequential type is unconnected in block <i2c_top_test>.
WARNING:Xst:2677 - Node <i2c_testing/packet_3_15> of sequential type is unconnected in block <i2c_top_test>.
WARNING:Xst:2677 - Node <i2c_testing/packet_3_14> of sequential type is unconnected in block <i2c_top_test>.
WARNING:Xst:2677 - Node <i2c_testing/packet_3_13> of sequential type is unconnected in block <i2c_top_test>.
WARNING:Xst:2677 - Node <i2c_testing/packet_3_12> of sequential type is unconnected in block <i2c_top_test>.
WARNING:Xst:2677 - Node <i2c_testing/packet_3_11> of sequential type is unconnected in block <i2c_top_test>.
WARNING:Xst:2677 - Node <i2c_testing/packet_3_10> of sequential type is unconnected in block <i2c_top_test>.
WARNING:Xst:2677 - Node <i2c_testing/packet_3_9> of sequential type is unconnected in block <i2c_top_test>.
WARNING:Xst:2677 - Node <i2c_testing/packet_3_8> of sequential type is unconnected in block <i2c_top_test>.
WARNING:Xst:2677 - Node <i2c_testing/packet_3_7> of sequential type is unconnected in block <i2c_top_test>.
WARNING:Xst:2677 - Node <i2c_testing/packet_3_6> of sequential type is unconnected in block <i2c_top_test>.
WARNING:Xst:2677 - Node <i2c_testing/packet_3_5> of sequential type is unconnected in block <i2c_top_test>.
WARNING:Xst:2677 - Node <i2c_testing/packet_3_4> of sequential type is unconnected in block <i2c_top_test>.
WARNING:Xst:2677 - Node <i2c_testing/packet_3_3> of sequential type is unconnected in block <i2c_top_test>.
WARNING:Xst:2677 - Node <i2c_testing/packet_3_2> of sequential type is unconnected in block <i2c_top_test>.
WARNING:Xst:2677 - Node <i2c_testing/packet_3_1> of sequential type is unconnected in block <i2c_top_test>.
WARNING:Xst:2677 - Node <i2c_testing/packet_3_0> of sequential type is unconnected in block <i2c_top_test>.
WARNING:Xst:2677 - Node <i2c_testing/packet_2_15> of sequential type is unconnected in block <i2c_top_test>.
WARNING:Xst:2677 - Node <i2c_testing/packet_2_14> of sequential type is unconnected in block <i2c_top_test>.
WARNING:Xst:2677 - Node <i2c_testing/packet_2_13> of sequential type is unconnected in block <i2c_top_test>.
WARNING:Xst:2677 - Node <i2c_testing/packet_2_12> of sequential type is unconnected in block <i2c_top_test>.
WARNING:Xst:2677 - Node <i2c_testing/packet_2_11> of sequential type is unconnected in block <i2c_top_test>.
WARNING:Xst:2677 - Node <i2c_testing/packet_2_10> of sequential type is unconnected in block <i2c_top_test>.
WARNING:Xst:2677 - Node <i2c_testing/packet_2_9> of sequential type is unconnected in block <i2c_top_test>.
WARNING:Xst:2677 - Node <i2c_testing/packet_2_8> of sequential type is unconnected in block <i2c_top_test>.
WARNING:Xst:2677 - Node <i2c_testing/packet_2_7> of sequential type is unconnected in block <i2c_top_test>.
WARNING:Xst:2677 - Node <i2c_testing/packet_2_6> of sequential type is unconnected in block <i2c_top_test>.
WARNING:Xst:2677 - Node <i2c_testing/packet_2_5> of sequential type is unconnected in block <i2c_top_test>.
WARNING:Xst:2677 - Node <i2c_testing/packet_2_4> of sequential type is unconnected in block <i2c_top_test>.
WARNING:Xst:2677 - Node <i2c_testing/packet_2_3> of sequential type is unconnected in block <i2c_top_test>.
WARNING:Xst:2677 - Node <i2c_testing/packet_2_2> of sequential type is unconnected in block <i2c_top_test>.
WARNING:Xst:2677 - Node <i2c_testing/packet_2_1> of sequential type is unconnected in block <i2c_top_test>.
WARNING:Xst:2677 - Node <i2c_testing/packet_2_0> of sequential type is unconnected in block <i2c_top_test>.
WARNING:Xst:2677 - Node <i2c_testing/packet_1_15> of sequential type is unconnected in block <i2c_top_test>.
WARNING:Xst:2677 - Node <i2c_testing/packet_1_14> of sequential type is unconnected in block <i2c_top_test>.
WARNING:Xst:2677 - Node <i2c_testing/packet_1_13> of sequential type is unconnected in block <i2c_top_test>.
WARNING:Xst:2677 - Node <i2c_testing/packet_1_12> of sequential type is unconnected in block <i2c_top_test>.
WARNING:Xst:2677 - Node <i2c_testing/packet_1_11> of sequential type is unconnected in block <i2c_top_test>.
WARNING:Xst:2677 - Node <i2c_testing/packet_1_10> of sequential type is unconnected in block <i2c_top_test>.
WARNING:Xst:2677 - Node <i2c_testing/packet_1_9> of sequential type is unconnected in block <i2c_top_test>.
WARNING:Xst:2677 - Node <i2c_testing/packet_1_8> of sequential type is unconnected in block <i2c_top_test>.
WARNING:Xst:2677 - Node <i2c_testing/packet_1_7> of sequential type is unconnected in block <i2c_top_test>.
WARNING:Xst:2677 - Node <i2c_testing/packet_1_6> of sequential type is unconnected in block <i2c_top_test>.
WARNING:Xst:2677 - Node <i2c_testing/packet_1_5> of sequential type is unconnected in block <i2c_top_test>.
WARNING:Xst:2677 - Node <i2c_testing/packet_1_4> of sequential type is unconnected in block <i2c_top_test>.
WARNING:Xst:2677 - Node <i2c_testing/packet_1_3> of sequential type is unconnected in block <i2c_top_test>.
WARNING:Xst:2677 - Node <i2c_testing/packet_1_2> of sequential type is unconnected in block <i2c_top_test>.
WARNING:Xst:2677 - Node <i2c_testing/packet_1_1> of sequential type is unconnected in block <i2c_top_test>.
WARNING:Xst:2677 - Node <i2c_testing/packet_1_0> of sequential type is unconnected in block <i2c_top_test>.
WARNING:Xst:2677 - Node <i2c_testing/packet_0_15> of sequential type is unconnected in block <i2c_top_test>.
WARNING:Xst:2677 - Node <i2c_testing/packet_0_14> of sequential type is unconnected in block <i2c_top_test>.
WARNING:Xst:2677 - Node <i2c_testing/packet_0_13> of sequential type is unconnected in block <i2c_top_test>.
WARNING:Xst:2677 - Node <i2c_testing/packet_0_12> of sequential type is unconnected in block <i2c_top_test>.
WARNING:Xst:2677 - Node <i2c_testing/packet_0_11> of sequential type is unconnected in block <i2c_top_test>.
WARNING:Xst:2677 - Node <i2c_testing/packet_0_10> of sequential type is unconnected in block <i2c_top_test>.
WARNING:Xst:2677 - Node <i2c_testing/packet_0_9> of sequential type is unconnected in block <i2c_top_test>.
WARNING:Xst:2677 - Node <i2c_testing/packet_0_8> of sequential type is unconnected in block <i2c_top_test>.
WARNING:Xst:2677 - Node <i2c_testing/packet_0_7> of sequential type is unconnected in block <i2c_top_test>.
WARNING:Xst:2677 - Node <i2c_testing/packet_0_6> of sequential type is unconnected in block <i2c_top_test>.
WARNING:Xst:2677 - Node <i2c_testing/packet_0_5> of sequential type is unconnected in block <i2c_top_test>.
WARNING:Xst:2677 - Node <i2c_testing/packet_0_4> of sequential type is unconnected in block <i2c_top_test>.
WARNING:Xst:2677 - Node <i2c_testing/packet_0_3> of sequential type is unconnected in block <i2c_top_test>.
WARNING:Xst:2677 - Node <i2c_testing/packet_0_2> of sequential type is unconnected in block <i2c_top_test>.
WARNING:Xst:2677 - Node <i2c_testing/packet_0_1> of sequential type is unconnected in block <i2c_top_test>.
WARNING:Xst:2677 - Node <i2c_testing/packet_0_0> of sequential type is unconnected in block <i2c_top_test>.
WARNING:Xst:2677 - Node <i2c_testing/PTAT_packet_15> of sequential type is unconnected in block <i2c_top_test>.
WARNING:Xst:2677 - Node <i2c_testing/PTAT_packet_14> of sequential type is unconnected in block <i2c_top_test>.
WARNING:Xst:2677 - Node <i2c_testing/PTAT_packet_13> of sequential type is unconnected in block <i2c_top_test>.
WARNING:Xst:2677 - Node <i2c_testing/PTAT_packet_12> of sequential type is unconnected in block <i2c_top_test>.
WARNING:Xst:2677 - Node <i2c_testing/PTAT_packet_11> of sequential type is unconnected in block <i2c_top_test>.
WARNING:Xst:2677 - Node <i2c_testing/PTAT_packet_10> of sequential type is unconnected in block <i2c_top_test>.
WARNING:Xst:2677 - Node <i2c_testing/PTAT_packet_9> of sequential type is unconnected in block <i2c_top_test>.
WARNING:Xst:2677 - Node <i2c_testing/PTAT_packet_8> of sequential type is unconnected in block <i2c_top_test>.
WARNING:Xst:2677 - Node <i2c_testing/PTAT_packet_7> of sequential type is unconnected in block <i2c_top_test>.
WARNING:Xst:2677 - Node <i2c_testing/PTAT_packet_6> of sequential type is unconnected in block <i2c_top_test>.
WARNING:Xst:2677 - Node <i2c_testing/PTAT_packet_5> of sequential type is unconnected in block <i2c_top_test>.
WARNING:Xst:2677 - Node <i2c_testing/PTAT_packet_4> of sequential type is unconnected in block <i2c_top_test>.
WARNING:Xst:2677 - Node <i2c_testing/PTAT_packet_3> of sequential type is unconnected in block <i2c_top_test>.
WARNING:Xst:2677 - Node <i2c_testing/PTAT_packet_2> of sequential type is unconnected in block <i2c_top_test>.
WARNING:Xst:2677 - Node <i2c_testing/PTAT_packet_1> of sequential type is unconnected in block <i2c_top_test>.
WARNING:Xst:2677 - Node <i2c_testing/PTAT_packet_0> of sequential type is unconnected in block <i2c_top_test>.
WARNING:Xst:2677 - Node <i2c_testing/valid> of sequential type is unconnected in block <i2c_top_test>.

Optimizing unit <i2c_top_test> ...

Mapping all equations...
Building and optimizing final netlist ...
Found area constraint ratio of 100 (+ 5) on block i2c_top_test, actual ratio is 1.

Final Macro Processing ...

=========================================================================
Final Register Report

Macro Statistics
# Registers                                            : 78
 Flip-Flops                                            : 78

=========================================================================

=========================================================================
*                           Partition Report                            *
=========================================================================

Partition Implementation Status
-------------------------------

  No Partitions were found in this design.

-------------------------------

=========================================================================
*                            Design Summary                             *
=========================================================================

Top Level Output File Name         : i2c_top_test.ngc

Primitive and Black Box Usage:
------------------------------
# BELS                             : 127
#      GND                         : 1
#      INV                         : 1
#      LUT1                        : 9
#      LUT2                        : 7
#      LUT3                        : 6
#      LUT4                        : 26
#      LUT5                        : 29
#      LUT6                        : 28
#      MUXCY                       : 9
#      VCC                         : 1
#      XORCY                       : 10
# FlipFlops/Latches                : 78
#      FD                          : 55
#      FD_1                        : 9
#      FDE                         : 3
#      FDR                         : 11
# Clock Buffers                    : 2
#      BUFG                        : 1
#      BUFGP                       : 1
# IO Buffers                       : 12
#      IBUF                        : 1
#      IOBUF                       : 1
#      OBUF                        : 9
#      OBUFT                       : 1

Device utilization summary:
---------------------------

Selected Device : 6slx16csg324-3 


Slice Logic Utilization: 
 Number of Slice Registers:              78  out of  18224     0%  
 Number of Slice LUTs:                  106  out of   9112     1%  
    Number used as Logic:               106  out of   9112     1%  

Slice Logic Distribution: 
 Number of LUT Flip Flop pairs used:    112
   Number with an unused Flip Flop:      34  out of    112    30%  
   Number with an unused LUT:             6  out of    112     5%  
   Number of fully used LUT-FF pairs:    72  out of    112    64%  
   Number of unique control sets:         5

IO Utilization: 
 Number of IOs:                          13
 Number of bonded IOBs:                  13  out of    232     5%  

Specific Feature Utilization:
 Number of BUFG/BUFGCTRLs:                2  out of     16    12%  

---------------------------
Partition Resource Summary:
---------------------------

  No Partitions were found in this design.

---------------------------


=========================================================================
Timing Report

NOTE: THESE TIMING NUMBERS ARE ONLY A SYNTHESIS ESTIMATE.
      FOR ACCURATE TIMING INFORMATION PLEASE REFER TO THE TRACE REPORT
      GENERATED AFTER PLACE-and-ROUTE.

Clock Information:
------------------
-----------------------------------+--------------------------------+-------+
Clock Signal                       | Clock buffer(FF name)          | Load  |
-----------------------------------+--------------------------------+-------+
clk                                | BUFGP                          | 1     |
i2c_testing/clk_div/i2c_clk        | BUFG                           | 66    |
slwclk                             | NONE(i2c_testing/clk_div/cnt_9)| 11    |
-----------------------------------+--------------------------------+-------+
INFO:Xst:2169 - HDL ADVISOR - Some clock signals were not automatically buffered by XST with BUFG/BUFR resources. Please use the buffer_type constraint in order to insert these buffers to the clock signals to help prevent skew problems.

Asynchronous Control Signals Information:
----------------------------------------
No asynchronous control signals found in this design

Timing Summary:
---------------
Speed Grade: -3

   Minimum period: 7.477ns (Maximum Frequency: 133.749MHz)
   Minimum input arrival time before clock: 3.525ns
   Maximum output required time after clock: 4.521ns
   Maximum combinational path delay: No path found

Timing Details:
---------------
All values displayed in nanoseconds (ns)

=========================================================================
Timing constraint: Default period analysis for Clock 'clk'
  Clock period: 1.785ns (frequency: 560.287MHz)
  Total number of paths / destination ports: 1 / 1
-------------------------------------------------------------------------
Delay:               1.785ns (Levels of Logic = 0)
  Source:            slwclk (FF)
  Destination:       slwclk (FF)
  Source Clock:      clk rising
  Destination Clock: clk rising

  Data Path: slwclk to slwclk
                                Gate     Net
    Cell:in->out      fanout   Delay   Delay  Logical Name (Net Name)
    ----------------------------------------  ------------
     FDR:C->Q             12   0.447   0.908  slwclk (slwclk)
     FDR:R                     0.430          slwclk
    ----------------------------------------
    Total                      1.785ns (0.877ns logic, 0.908ns route)
                                       (49.1% logic, 50.9% route)

=========================================================================
Timing constraint: Default period analysis for Clock 'i2c_testing/clk_div/i2c_clk'
  Clock period: 7.477ns (frequency: 133.749MHz)
  Total number of paths / destination ports: 794 / 69
-------------------------------------------------------------------------
Delay:               3.738ns (Levels of Logic = 3)
  Source:            i2c_testing/state_FSM_FFd33 (FF)
  Destination:       i2c_testing/packet_4_7 (FF)
  Source Clock:      i2c_testing/clk_div/i2c_clk rising
  Destination Clock: i2c_testing/clk_div/i2c_clk falling

  Data Path: i2c_testing/state_FSM_FFd33 to i2c_testing/packet_4_7
                                Gate     Net
    Cell:in->out      fanout   Delay   Delay  Logical Name (Net Name)
    ----------------------------------------  ------------
     FD:C->Q               4   0.447   1.048  i2c_testing/state_FSM_FFd33 (i2c_testing/state_FSM_FFd33)
     LUT6:I0->O            4   0.203   0.912  i2c_testing/state[8]_GND_2_o_mux_81_OUT<12>1112 (i2c_testing/state[8]_GND_2_o_mux_81_OUT<12>1112)
     LUT6:I3->O            2   0.205   0.617  i2c_testing/state[8]_GND_2_o_mux_81_OUT<8>111 (i2c_testing/state[8]_GND_2_o_mux_81_OUT<8>11)
     LUT6:I5->O            1   0.205   0.000  i2c_testing/state[8]_GND_2_o_mux_81_OUT<8>1 (i2c_testing/state[8]_GND_2_o_mux_81_OUT<7>)
     FD_1:D                    0.102          i2c_testing/packet_4_7
    ----------------------------------------
    Total                      3.738ns (1.162ns logic, 2.576ns route)
                                       (31.1% logic, 68.9% route)

=========================================================================
Timing constraint: Default period analysis for Clock 'slwclk'
  Clock period: 3.708ns (frequency: 269.658MHz)
  Total number of paths / destination ports: 166 / 21
-------------------------------------------------------------------------
Delay:               3.708ns (Levels of Logic = 2)
  Source:            i2c_testing/clk_div/cnt_2 (FF)
  Destination:       i2c_testing/clk_div/cnt_9 (FF)
  Source Clock:      slwclk rising
  Destination Clock: slwclk rising

  Data Path: i2c_testing/clk_div/cnt_2 to i2c_testing/clk_div/cnt_9
                                Gate     Net
    Cell:in->out      fanout   Delay   Delay  Logical Name (Net Name)
    ----------------------------------------  ------------
     FDR:C->Q              2   0.447   0.961  i2c_testing/clk_div/cnt_2 (i2c_testing/clk_div/cnt_2)
     LUT5:I0->O            1   0.203   0.580  i2c_testing/clk_div/GND_3_o_GND_3_o_equal_2_o<9>_SW0 (N01)
     LUT6:I5->O           11   0.205   0.882  i2c_testing/clk_div/GND_3_o_GND_3_o_equal_2_o<9> (i2c_testing/clk_div/GND_3_o_GND_3_o_equal_2_o)
     FDR:R                     0.430          i2c_testing/clk_div/cnt_0
    ----------------------------------------
    Total                      3.708ns (1.285ns logic, 2.423ns route)
                                       (34.7% logic, 65.3% route)

=========================================================================
Timing constraint: Default OFFSET IN BEFORE for Clock 'i2c_testing/clk_div/i2c_clk'
  Total number of paths / destination ports: 10 / 10
-------------------------------------------------------------------------
Offset:              3.525ns (Levels of Logic = 3)
  Source:            SDA (PAD)
  Destination:       i2c_testing/packet_4_6 (FF)
  Destination Clock: i2c_testing/clk_div/i2c_clk falling

  Data Path: SDA to i2c_testing/packet_4_6
                                Gate     Net
    Cell:in->out      fanout   Delay   Delay  Logical Name (Net Name)
    ----------------------------------------  ------------
     IOBUF:IO->O           4   1.222   0.912  SDA_IOBUF (N10)
     LUT3:I0->O            3   0.205   0.879  i2c_testing/state[8]_GND_2_o_mux_81_OUT<11>21 (i2c_testing/state[8]_GND_2_o_mux_81_OUT<11>2)
     LUT6:I3->O            1   0.205   0.000  i2c_testing/state[8]_GND_2_o_mux_81_OUT<13>1 (i2c_testing/state[8]_GND_2_o_mux_81_OUT<2>)
     FD_1:D                    0.102          i2c_testing/packet_4_2
    ----------------------------------------
    Total                      3.525ns (1.734ns logic, 1.791ns route)
                                       (49.2% logic, 50.8% route)

=========================================================================
Timing constraint: Default OFFSET OUT AFTER for Clock 'i2c_testing/clk_div/i2c_clk'
  Total number of paths / destination ports: 11 / 10
-------------------------------------------------------------------------
Offset:              4.521ns (Levels of Logic = 2)
  Source:            i2c_testing/sda_out (FF)
  Destination:       SDA (PAD)
  Source Clock:      i2c_testing/clk_div/i2c_clk rising

  Data Path: i2c_testing/sda_out to SDA
                                Gate     Net
    Cell:in->out      fanout   Delay   Delay  Logical Name (Net Name)
    ----------------------------------------  ------------
     FD:C->Q               2   0.447   0.721  i2c_testing/sda_out (i2c_testing/sda_out)
     LUT2:I0->O            1   0.203   0.579  i2c_testing/sda_en_GND_2_o_AND_1_o_inv1 (i2c_testing/sda_en_GND_2_o_AND_1_o_inv)
     IOBUF:T->IO               2.571          SDA_IOBUF (SDA)
    ----------------------------------------
    Total                      4.521ns (3.221ns logic, 1.300ns route)
                                       (71.2% logic, 28.8% route)

=========================================================================
Timing constraint: Default OFFSET OUT AFTER for Clock 'slwclk'
  Total number of paths / destination ports: 2 / 2
-------------------------------------------------------------------------
Offset:              4.453ns (Levels of Logic = 2)
  Source:            i2c_testing/clk_div/i2c_clk (FF)
  Destination:       SCL (PAD)
  Source Clock:      slwclk rising

  Data Path: i2c_testing/clk_div/i2c_clk to SCL
                                Gate     Net
    Cell:in->out      fanout   Delay   Delay  Logical Name (Net Name)
    ----------------------------------------  ------------
     FD:C->Q               3   0.447   0.651  i2c_testing/clk_div/i2c_clk (i2c_testing/clk_div/i2c_clk)
     LUT2:I1->O            1   0.205   0.579  i2c_testing/Mmux_SCL11 (i2c_testing/SCL)
     OBUFT:T->O                2.571          SCL_OBUFT (SCL)
    ----------------------------------------
    Total                      4.453ns (3.223ns logic, 1.230ns route)
                                       (72.4% logic, 27.6% route)

=========================================================================

Cross Clock Domains Report:
--------------------------

Clock to Setup on destination clock clk
---------------+---------+---------+---------+---------+
               | Src:Rise| Src:Fall| Src:Rise| Src:Fall|
Source Clock   |Dest:Rise|Dest:Rise|Dest:Fall|Dest:Fall|
---------------+---------+---------+---------+---------+
clk            |    1.785|         |         |         |
---------------+---------+---------+---------+---------+

Clock to Setup on destination clock i2c_testing/clk_div/i2c_clk
---------------------------+---------+---------+---------+---------+
                           | Src:Rise| Src:Fall| Src:Rise| Src:Fall|
Source Clock               |Dest:Rise|Dest:Rise|Dest:Fall|Dest:Fall|
---------------------------+---------+---------+---------+---------+
i2c_testing/clk_div/i2c_clk|    5.475|         |    3.738|         |
---------------------------+---------+---------+---------+---------+

Clock to Setup on destination clock slwclk
---------------+---------+---------+---------+---------+
               | Src:Rise| Src:Fall| Src:Rise| Src:Fall|
Source Clock   |Dest:Rise|Dest:Rise|Dest:Fall|Dest:Fall|
---------------+---------+---------+---------+---------+
slwclk         |    3.708|         |         |         |
---------------+---------+---------+---------+---------+

=========================================================================


Total REAL time to Xst completion: 42.00 secs
Total CPU time to Xst completion: 41.32 secs
 
--> 

Total memory usage is 283176 kilobytes

Number of errors   :    0 (   0 filtered)
Number of warnings :  148 (   0 filtered)
Number of infos    :   12 (   0 filtered)

